Archive member included to satisfy reference by file (symbol)

d:/enviro~1/gcc-ar~1/102021~1.10/bin/../lib/gcc/arm-none-eabi/10.3.1/thumb/v7e-m/nofp\libgcc.a(_arm_muldf3.o)
                              CMakeFiles/Green_Find.elf.dir/User/servo.c.obj (__aeabi_dmul)
d:/enviro~1/gcc-ar~1/102021~1.10/bin/../lib/gcc/arm-none-eabi/10.3.1/thumb/v7e-m/nofp\libgcc.a(_arm_mulsf3.o)
                              CMakeFiles/Green_Find.elf.dir/User/pid.c.obj (__aeabi_fmul)
d:/enviro~1/gcc-ar~1/102021~1.10/bin/../lib/gcc/arm-none-eabi/10.3.1/thumb/v7e-m/nofp\libgcc.a(_arm_addsubdf3.o)
                              CMakeFiles/Green_Find.elf.dir/User/servo.c.obj (__aeabi_dsub)
d:/enviro~1/gcc-ar~1/102021~1.10/bin/../lib/gcc/arm-none-eabi/10.3.1/thumb/v7e-m/nofp\libgcc.a(_arm_muldivdf3.o)
                              CMakeFiles/Green_Find.elf.dir/User/servo.c.obj (__aeabi_ddiv)
d:/enviro~1/gcc-ar~1/102021~1.10/bin/../lib/gcc/arm-none-eabi/10.3.1/thumb/v7e-m/nofp\libgcc.a(_arm_cmpdf2.o)
                              CMakeFiles/Green_Find.elf.dir/User/servo.c.obj (__aeabi_dcmple)
d:/enviro~1/gcc-ar~1/102021~1.10/bin/../lib/gcc/arm-none-eabi/10.3.1/thumb/v7e-m/nofp\libgcc.a(_arm_fixunsdfsi.o)
                              CMakeFiles/Green_Find.elf.dir/User/servo.c.obj (__aeabi_d2uiz)
d:/enviro~1/gcc-ar~1/102021~1.10/bin/../lib/gcc/arm-none-eabi/10.3.1/thumb/v7e-m/nofp\libgcc.a(_arm_addsubsf3.o)
                              CMakeFiles/Green_Find.elf.dir/User/pid.c.obj (__aeabi_fsub)
d:/enviro~1/gcc-ar~1/102021~1.10/bin/../lib/gcc/arm-none-eabi/10.3.1/thumb/v7e-m/nofp\libgcc.a(_arm_muldivsf3.o)
                              CMakeFiles/Green_Find.elf.dir/User/servo.c.obj (__aeabi_fdiv)
d:/enviro~1/gcc-ar~1/102021~1.10/bin/../lib/gcc/arm-none-eabi/10.3.1/thumb/v7e-m/nofp\libgcc.a(_arm_cmpsf2.o)
                              CMakeFiles/Green_Find.elf.dir/User/pid.c.obj (__aeabi_fcmpeq)
d:/enviro~1/gcc-ar~1/102021~1.10/bin/../lib/gcc/arm-none-eabi/10.3.1/thumb/v7e-m/nofp\libgcc.a(_arm_fixunssfsi.o)
                              CMakeFiles/Green_Find.elf.dir/User/servo.c.obj (__aeabi_f2uiz)
d:/enviro~1/gcc-ar~1/102021~1.10/bin/../lib/gcc/arm-none-eabi/10.3.1/thumb/v7e-m/nofp\libgcc.a(_aeabi_uldivmod.o)
                              CMakeFiles/Green_Find.elf.dir/Drivers/STM32F4xx_HAL_Driver/Src/stm32f4xx_hal_rcc.c.obj (__aeabi_uldivmod)
d:/enviro~1/gcc-ar~1/102021~1.10/bin/../lib/gcc/arm-none-eabi/10.3.1/thumb/v7e-m/nofp\libgcc.a(_udivmoddi4.o)
                              d:/enviro~1/gcc-ar~1/102021~1.10/bin/../lib/gcc/arm-none-eabi/10.3.1/thumb/v7e-m/nofp\libgcc.a(_aeabi_uldivmod.o) (__udivmoddi4)
d:/enviro~1/gcc-ar~1/102021~1.10/bin/../lib/gcc/arm-none-eabi/10.3.1/thumb/v7e-m/nofp\libgcc.a(_dvmd_tls.o)
                              d:/enviro~1/gcc-ar~1/102021~1.10/bin/../lib/gcc/arm-none-eabi/10.3.1/thumb/v7e-m/nofp\libgcc.a(_aeabi_uldivmod.o) (__aeabi_ldiv0)
d:/enviro~1/gcc-ar~1/102021~1.10/bin/../lib/gcc/arm-none-eabi/10.3.1/../../../../arm-none-eabi/lib/thumb/v7e-m/nofp\libg.a(lib_a-errno.o)
                              CMakeFiles/Green_Find.elf.dir/Core/Src/syscalls.c.obj (__errno)
d:/enviro~1/gcc-ar~1/102021~1.10/bin/../lib/gcc/arm-none-eabi/10.3.1/../../../../arm-none-eabi/lib/thumb/v7e-m/nofp\libg.a(lib_a-exit.o)
                              d:/enviro~1/gcc-ar~1/102021~1.10/bin/../lib/gcc/arm-none-eabi/10.3.1/../../../../arm-none-eabi/lib/thumb/v7e-m/nofp/crt0.o (exit)
d:/enviro~1/gcc-ar~1/102021~1.10/bin/../lib/gcc/arm-none-eabi/10.3.1/../../../../arm-none-eabi/lib/thumb/v7e-m/nofp\libg.a(lib_a-impure.o)
                              d:/enviro~1/gcc-ar~1/102021~1.10/bin/../lib/gcc/arm-none-eabi/10.3.1/../../../../arm-none-eabi/lib/thumb/v7e-m/nofp\libg.a(lib_a-exit.o) (_global_impure_ptr)
d:/enviro~1/gcc-ar~1/102021~1.10/bin/../lib/gcc/arm-none-eabi/10.3.1/../../../../arm-none-eabi/lib/thumb/v7e-m/nofp\libg.a(lib_a-init.o)
                              d:/enviro~1/gcc-ar~1/102021~1.10/bin/../lib/gcc/arm-none-eabi/10.3.1/../../../../arm-none-eabi/lib/thumb/v7e-m/nofp/crt0.o (__libc_init_array)
d:/enviro~1/gcc-ar~1/102021~1.10/bin/../lib/gcc/arm-none-eabi/10.3.1/../../../../arm-none-eabi/lib/thumb/v7e-m/nofp\libg.a(lib_a-memset.o)
                              d:/enviro~1/gcc-ar~1/102021~1.10/bin/../lib/gcc/arm-none-eabi/10.3.1/../../../../arm-none-eabi/lib/thumb/v7e-m/nofp/crt0.o (memset)
d:/enviro~1/gcc-ar~1/102021~1.10/bin/../lib/gcc/arm-none-eabi/10.3.1/../../../../arm-none-eabi/lib/thumb/v7e-m/nofp\libg.a(lib_a-__call_atexit.o)
                              d:/enviro~1/gcc-ar~1/102021~1.10/bin/../lib/gcc/arm-none-eabi/10.3.1/../../../../arm-none-eabi/lib/thumb/v7e-m/nofp\libg.a(lib_a-exit.o) (__call_exitprocs)
d:/enviro~1/gcc-ar~1/102021~1.10/bin/../lib/gcc/arm-none-eabi/10.3.1/../../../../arm-none-eabi/lib/thumb/v7e-m/nofp\libg.a(lib_a-atexit.o)
[...]
Memory Configuration

Name             Origin             Length             Attributes
CCMRAM           0x10000000         0x00010000         xrw
RAM              0x20000000         0x00020000         xrw
FLASH            0x08000000         0x00100000         xr
*default*        0x00000000         0xffffffff

Linker script and memory map

LOAD d:/enviro~1/gcc-ar~1/102021~1.10/bin/../lib/gcc/arm-none-eabi/10.3.1/thumb/v7e-m/nofp/crti.o
LOAD d:/enviro~1/gcc-ar~1/102021~1.10/bin/../lib/gcc/arm-none-eabi/10.3.1/thumb/v7e-m/nofp/crtbegin.o
LOAD d:/enviro~1/gcc-ar~1/102021~1.10/bin/../lib/gcc/arm-none-eabi/10.3.1/../../../../arm-none-eabi/lib/thumb/v7e-m/nofp/crt0.o
LOAD CMakeFiles/Green_Find.elf.dir/Core/Src/dma.c.obj
LOAD CMakeFiles/Green_Find.elf.dir/Core/Src/gpio.c.obj
LOAD CMakeFiles/Green_Find.elf.dir/Core/Src/main.c.obj
LOAD CMakeFiles/Green_Find.elf.dir/Core/Src/stm32f4xx_hal_msp.c.obj
LOAD CMakeFiles/Green_Find.elf.dir/Core/Src/stm32f4xx_it.c.obj
LOAD CMakeFiles/Green_Find.elf.dir/Core/Src/syscalls.c.obj
LOAD CMakeFiles/Green_Find.elf.dir/Core/Src/sysmem.c.obj
LOAD CMakeFiles/Green_Find.elf.dir/Core/Src/system_stm32f4xx.c.obj
LOAD CMakeFiles/Green_Find.elf.dir/Core/Src/tim.c.obj
LOAD CMakeFiles/Green_Find.elf.dir/Core/Src/usart.c.obj
LOAD CMakeFiles/Green_Find.elf.dir/Core/Startup/startup_stm32f407zgtx.s.obj
LOAD CMakeFiles/Green_Find.elf.dir/Drivers/STM32F4xx_HAL_Driver/Src/stm32f4xx_hal.c.obj
LOAD CMakeFiles/Green_Find.elf.dir/Drivers/STM32F4xx_HAL_Driver/Src/stm32f4xx_hal_cortex.c.obj
LOAD CMakeFiles/Green_Find.elf.dir/Drivers/STM32F4xx_HAL_Driver/Src/stm32f4xx_hal_dma.c.obj
LOAD CMakeFiles/Green_Find.elf.dir/Drivers/STM32F4xx_HAL_Driver/Src/stm32f4xx_hal_dma_ex.c.obj
LOAD CMakeFiles/Green_Find.elf.dir/Drivers/STM32F4xx_HAL_Driver/Src/stm32f4xx_hal_exti.c.obj
LOAD CMakeFiles/Green_Find.elf.dir/Drivers/STM32F4xx_HAL_Driver/Src/stm32f4xx_hal_flash.c.obj
LOAD CMakeFiles/Green_Find.elf.dir/Drivers/STM32F4xx_HAL_Driver/Src/stm32f4xx_hal_flash_ex.c.obj
LOAD CMakeFiles/Green_Find.elf.dir/Drivers/STM32F4xx_HAL_Driver/Src/stm32f4xx_hal_flash_ramfunc.c.obj
LOAD CMakeFiles/Green_Find.elf.dir/Drivers/STM32F4xx_HAL_Driver/Src/stm32f4xx_hal_gpio.c.obj
LOAD CMakeFiles/Green_Find.elf.dir/Drivers/STM32F4xx_HAL_Driver/Src/stm32f4xx_hal_pwr.c.obj
LOAD CMakeFiles/Green_Find.elf.dir/Drivers/STM32F4xx_HAL_Driver/Src/stm32f4xx_hal_pwr_ex.c.obj
LOAD CMakeFiles/Green_Find.elf.dir/Drivers/STM32F4xx_HAL_Driver/Src/stm32f4xx_hal_rcc.c.obj
LOAD CMakeFiles/Green_Find.elf.dir/Drivers/STM32F4xx_HAL_Driver/Src/stm32f4xx_hal_rcc_ex.c.obj
LOAD CMakeFiles/Green_Find.elf.dir/Drivers/STM32F4xx_HAL_Driver/Src/stm32f4xx_hal_tim.c.obj
LOAD CMakeFiles/Green_Find.elf.dir/Drivers/STM32F4xx_HAL_Driver/Src/stm32f4xx_hal_tim_ex.c.obj
LOAD CMakeFiles/Green_Find.elf.dir/Drivers/STM32F4xx_HAL_Driver/Src/stm32f4xx_hal_uart.c.obj
LOAD CMakeFiles/Green_Find.elf.dir/User/openmv.c.obj
LOAD CMakeFiles/Green_Find.elf.dir/User/pid.c.obj
LOAD CMakeFiles/Green_Find.elf.dir/User/servo.c.obj
START GROUP
LOAD d:/enviro~1/gcc-ar~1/102021~1.10/bin/../lib/gcc/arm-none-eabi/10.3.1/thumb/v7e-m/nofp\libgcc.a
LOAD d:/enviro~1/gcc-ar~1/102021~1.10/bin/../lib/gcc/arm-none-eabi/10.3.1/../../../../arm-none-eabi/lib/thumb/v7e-m/nofp\libg.a
LOAD d:/enviro~1/gcc-ar~1/102021~1.10/bin/../lib/gcc/arm-none-eabi/10.3.1/../../../../arm-none-eabi/lib/thumb/v7e-m/nofp\libc.a
END GROUP
LOAD d:/enviro~1/gcc-ar~1/102021~1.10/bin/../lib/gcc/arm-none-eabi/10.3.1/thumb/v7e-m/nofp/crtend.o
LOAD d:/enviro~1/gcc-ar~1/102021~1.10/bin/../lib/gcc/arm-none-eabi/10.3.1/thumb/v7e-m/nofp/crtn.o
                0x20020000                _estack = (ORIGIN (RAM) + LENGTH (RAM))
                0x00000200                _Min_Heap_Size = 0x200
                0x00000400                _Min_Stack_Size = 0x400

.isr_vector     0x08000000      0x188
                0x08000000                . = ALIGN (0x4)
 *(.isr_vector)
 .isr_vector    0x08000000      0x188 CMakeFiles/Green_Find.elf.dir/Core/Startup/startup_stm32f407zgtx.s.obj
                0x08000000                g_pfnVectors
                0x08000188                . = ALIGN (0x4)

.text           0x08000188     0x2d88
                0x08000188                . = ALIGN (0x4)
 *(.text)
 .text          0x08000188       0x40 d:/enviro~1/gcc-ar~1/102021~1.10/bin/../lib/gcc/arm-none-eabi/10.3.1/thumb/v7e-m/nofp/crtbegin.o
 .text          0x080001c8      0x21c d:/enviro~1/gcc-ar~1/102021~1.10/bin/../lib/gcc/arm-none-eabi/10.3.1/thumb/v7e-m/nofp\libgcc.a(_arm_addsubsf3.o)
                0x080001c8                __aeabi_frsub
                0x080001d0                __subsf3
                0x080001d0                __aeabi_fsub
                0x080001d4                __aeabi_fadd
                0x080001d4                __addsf3
                0x08000334                __aeabi_ui2f
                0x08000334                __floatunsisf
                0x0800033c                __aeabi_i2f
                0x0800033c                __floatsisf
                0x08000358                __aeabi_ul2f
                0x08000358                __floatundisf
                0x08000368                __aeabi_l2f
                0x08000368                __floatdisf
 .text          0x080003e4       0x40 d:/enviro~1/gcc-ar~1/102021~1.10/bin/../lib/gcc/arm-none-eabi/10.3.1/thumb/v7e-m/nofp\libgcc.a(_arm_fixunssfsi.o)
                0x080003e4                __fixunssfsi
                0x080003e4                __aeabi_f2uiz
 .text          0x08000424       0x30 d:/enviro~1/gcc-ar~1/102021~1.10/bin/../lib/gcc/arm-none-eabi/10.3.1/thumb/v7e-m/nofp\libgcc.a(_aeabi_uldivmod.o)
                0x08000424                __aeabi_uldivmod
 .text          0x08000454      0x2d0 d:/enviro~1/gcc-ar~1/102021~1.10/bin/../lib/gcc/arm-none-eabi/10.3.1/thumb/v7e-m/nofp\libgcc.a(_udivmoddi4.o)
                0x08000454                __udivmoddi4
 .text          0x08000724        0x4 d:/enviro~1/gcc-ar~1/102021~1.10/bin/../lib/gcc/arm-none-eabi/10.3.1/thumb/v7e-m/nofp\libgcc.a(_dvmd_tls.o)
                0x08000724                __aeabi_idiv0
                0x08000724                __aeabi_ldiv0
 *(.text*)
 .text.MX_DMA_Init
                0x08000728       0x44 CMakeFiles/Green_Find.elf.dir/Core/Src/dma.c.obj
                0x08000728                MX_DMA_Init
 .text.MX_GPIO_Init
                0x0800076c       0x4c CMakeFiles/Green_Find.elf.dir/Core/Src/gpio.c.obj
                0x0800076c                MX_GPIO_Init
 .text.Error_Handler
                0x080007b8        0x4 CMakeFiles/Green_Find.elf.dir/Core/Src/main.c.obj
                0x080007b8                Error_Handler
 .text.SystemClock_Config
                0x080007bc       0xa0 CMakeFiles/Green_Find.elf.dir/Core/Src/main.c.obj
                0x080007bc                SystemClock_Config
 .text.main     0x0800085c       0x28 CMakeFiles/Green_Find.elf.dir/Core/Src/main.c.obj
                0x0800085c                main
 .text.HAL_MspInit
                0x08000884       0x38 CMakeFiles/Green_Find.elf.dir/Core/Src/stm32f4xx_hal_msp.c.obj
                0x08000884                HAL_MspInit
 .text.NMI_Handler
                0x080008bc        0x2 CMakeFiles/Green_Find.elf.dir/Core/Src/stm32f4xx_it.c.obj
                0x080008bc                NMI_Handler
 .text.HardFault_Handler
                0x080008be        0x2 CMakeFiles/Green_Find.elf.dir/Core/Src/stm32f4xx_it.c.obj
                0x080008be                HardFault_Handler
 .text.MemManage_Handler
                0x080008c0        0x2 CMakeFiles/Green_Find.elf.dir/Core/Src/stm32f4xx_it.c.obj
                0x080008c0                MemManage_Handler
 .text.BusFault_Handler
                0x080008c2        0x2 CMakeFiles/Green_Find.elf.dir/Core/Src/stm32f4xx_it.c.obj
                0x080008c2                BusFault_Handler
 .text.UsageFault_Handler
                0x080008c4        0x2 CMakeFiles/Green_Find.elf.dir/Core/Src/stm32f4xx_it.c.obj
                0x080008c4                UsageFault_Handler
 .text.SVC_Handler
                0x080008c6        0x2 CMakeFiles/Green_Find.elf.dir/Core/Src/stm32f4xx_it.c.obj
                0x080008c6                SVC_Handler
 .text.DebugMon_Handler
                0x080008c8        0x2 CMakeFiles/Green_Find.elf.dir/Core/Src/stm32f4xx_it.c.obj
                0x080008c8                DebugMon_Handler
 .text.PendSV_Handler
                0x080008ca        0x2 CMakeFiles/Green_Find.elf.dir/Core/Src/stm32f4xx_it.c.obj
                0x080008ca                PendSV_Handler
 .text.SysTick_Handler
                0x080008cc        0x8 CMakeFiles/Green_Find.elf.dir/Core/Src/stm32f4xx_it.c.obj
                0x080008cc                SysTick_Handler
 .text.TIM2_IRQHandler
                0x080008d4       0x10 CMakeFiles/Green_Find.elf.dir/Core/Src/stm32f4xx_it.c.obj
                0x080008d4                TIM2_IRQHandler
 .text.USART1_IRQHandler
                0x080008e4       0x18 CMakeFiles/Green_Find.elf.dir/Core/Src/stm32f4xx_it.c.obj
                0x080008e4                USART1_IRQHandler
 .text.DMA2_Stream2_IRQHandler
                0x080008fc       0x10 CMakeFiles/Green_Find.elf.dir/Core/Src/stm32f4xx_it.c.obj
                0x080008fc                DMA2_Stream2_IRQHandler
 .text.DMA2_Stream7_IRQHandler
                0x0800090c       0x10 CMakeFiles/Green_Find.elf.dir/Core/Src/stm32f4xx_it.c.obj
                0x0800090c                DMA2_Stream7_IRQHandler
 .text.SystemInit
                0x0800091c        0x2 CMakeFiles/Green_Find.elf.dir/Core/Src/system_stm32f4xx.c.obj
                0x0800091c                SystemInit
 *fill*         0x0800091e        0x2 
 .text.MX_TIM2_Init
                0x08000920       0x70 CMakeFiles/Green_Find.elf.dir/Core/Src/tim.c.obj
                0x08000920                MX_TIM2_Init
 .text.HAL_TIM_Base_MspInit
                0x08000990       0x3c CMakeFiles/Green_Find.elf.dir/Core/Src/tim.c.obj
                0x08000990                HAL_TIM_Base_MspInit
 .text.HAL_TIM_PWM_MspInit
                0x080009cc       0x30 CMakeFiles/Green_Find.elf.dir/Core/Src/tim.c.obj
                0x080009cc                HAL_TIM_PWM_MspInit
 .text.HAL_TIM_MspPostInit
                0x080009fc       0x58 CMakeFiles/Green_Find.elf.dir/Core/Src/tim.c.obj
                0x080009fc                HAL_TIM_MspPostInit
 .text.MX_TIM4_Init
                0x08000a54       0x98 CMakeFiles/Green_Find.elf.dir/Core/Src/tim.c.obj
                0x08000a54                MX_TIM4_Init
 .text.MX_USART1_UART_Init
                0x08000aec       0x34 CMakeFiles/Green_Find.elf.dir/Core/Src/usart.c.obj
                0x08000aec                MX_USART1_UART_Init
 .text.HAL_UART_MspInit
                0x08000b20      0x100 CMakeFiles/Green_Find.elf.dir/Core/Src/usart.c.obj
                0x08000b20                HAL_UART_MspInit
 .text.Reset_Handler
                0x08000c20       0x50 CMakeFiles/Green_Find.elf.dir/Core/Startup/startup_stm32f407zgtx.s.obj
                0x08000c20                Reset_Handler
 .text.Default_Handler
                0x08000c70        0x2 CMakeFiles/Green_Find.elf.dir/Core/Startup/startup_stm32f407zgtx.s.obj
                0x08000c70                RTC_Alarm_IRQHandler
                0x08000c70                HASH_RNG_IRQHandler
                0x08000c70                EXTI2_IRQHandler
                0x08000c70                TIM8_CC_IRQHandler
                0x08000c70                TIM1_CC_IRQHandler
                0x08000c70                DMA2_Stream5_IRQHandler
                0x08000c70                DMA1_Stream5_IRQHandler
                0x08000c70                PVD_IRQHandler
                0x08000c70                SDIO_IRQHandler
                0x08000c70                TAMP_STAMP_IRQHandler
                0x08000c70                CAN2_RX1_IRQHandler
                0x08000c70                EXTI3_IRQHandler
                0x08000c70                TIM8_TRG_COM_TIM14_IRQHandler
                0x08000c70                TIM1_UP_TIM10_IRQHandler
                0x08000c70                TIM8_UP_TIM13_IRQHandler
                0x08000c70                I2C3_ER_IRQHandler
                0x08000c70                EXTI0_IRQHandler
                0x08000c70                I2C2_EV_IRQHandler
                0x08000c70                DMA1_Stream2_IRQHandler
                0x08000c70                CAN1_RX0_IRQHandler
                0x08000c70                FPU_IRQHandler
                0x08000c70                OTG_HS_WKUP_IRQHandler
                0x08000c70                CAN2_SCE_IRQHandler
                0x08000c70                SPI1_IRQHandler
                0x08000c70                TIM6_DAC_IRQHandler
                0x08000c70                TIM1_BRK_TIM9_IRQHandler
                0x08000c70                DCMI_IRQHandler
                0x08000c70                CAN2_RX0_IRQHandler
                0x08000c70                DMA2_Stream3_IRQHandler
                0x08000c70                USART6_IRQHandler
                0x08000c70                USART3_IRQHandler
                0x08000c70                CAN1_RX1_IRQHandler
                0x08000c70                UART5_IRQHandler
                0x08000c70                DMA2_Stream0_IRQHandler
                0x08000c70                TIM4_IRQHandler
                0x08000c70                I2C1_EV_IRQHandler
                0x08000c70                DMA1_Stream6_IRQHandler
                0x08000c70                DMA1_Stream1_IRQHandler
                0x08000c70                UART4_IRQHandler
                0x08000c70                TIM3_IRQHandler
                0x08000c70                RCC_IRQHandler
                0x08000c70                TIM8_BRK_TIM12_IRQHandler
                0x08000c70                Default_Handler
                0x08000c70                EXTI15_10_IRQHandler
                0x08000c70                ADC_IRQHandler
                0x08000c70                DMA1_Stream7_IRQHandler
                0x08000c70                TIM7_IRQHandler
                0x08000c70                CAN2_TX_IRQHandler
                0x08000c70                TIM5_IRQHandler
                0x08000c70                I2C3_EV_IRQHandler
                0x08000c70                EXTI9_5_IRQHandler
                0x08000c70                RTC_WKUP_IRQHandler
                0x08000c70                ETH_WKUP_IRQHandler
                0x08000c70                SPI2_IRQHandler
                0x08000c70                OTG_HS_EP1_IN_IRQHandler
                0x08000c70                DMA1_Stream0_IRQHandler
                0x08000c70                CAN1_TX_IRQHandler
                0x08000c70                EXTI4_IRQHandler
                0x08000c70                FSMC_IRQHandler
                0x08000c70                ETH_IRQHandler
                0x08000c70                OTG_HS_EP1_OUT_IRQHandler
                0x08000c70                WWDG_IRQHandler
                0x08000c70                OTG_FS_WKUP_IRQHandler
                0x08000c70                TIM1_TRG_COM_TIM11_IRQHandler
                0x08000c70                OTG_HS_IRQHandler
                0x08000c70                EXTI1_IRQHandler
                0x08000c70                USART2_IRQHandler
                0x08000c70                I2C2_ER_IRQHandler
                0x08000c70                DMA2_Stream1_IRQHandler
                0x08000c70                CAN1_SCE_IRQHandler
                0x08000c70                FLASH_IRQHandler
                0x08000c70                DMA2_Stream4_IRQHandler
                0x08000c70                OTG_FS_IRQHandler
                0x08000c70                SPI3_IRQHandler
                0x08000c70                DMA1_Stream4_IRQHandler
                0x08000c70                I2C1_ER_IRQHandler
                0x08000c70                DMA2_Stream6_IRQHandler
                0x08000c70                DMA1_Stream3_IRQHandler
 *fill*         0x08000c72        0x2 
 .text.HAL_InitTick
                0x08000c74       0x4c CMakeFiles/Green_Find.elf.dir/Drivers/STM32F4xx_HAL_Driver/Src/stm32f4xx_hal.c.obj
                0x08000c74                HAL_InitTick
 .text.HAL_Init
                0x08000cc0       0x34 CMakeFiles/Green_Find.elf.dir/Drivers/STM32F4xx_HAL_Driver/Src/stm32f4xx_hal.c.obj
                0x08000cc0                HAL_Init
 .text.HAL_IncTick
                0x08000cf4       0x18 CMakeFiles/Green_Find.elf.dir/Drivers/STM32F4xx_HAL_Driver/Src/stm32f4xx_hal.c.obj
                0x08000cf4                HAL_IncTick
 .text.HAL_GetTick
                0x08000d0c        0xc CMakeFiles/Green_Find.elf.dir/Drivers/STM32F4xx_HAL_Driver/Src/stm32f4xx_hal.c.obj
                0x08000d0c                HAL_GetTick
 .text.HAL_NVIC_SetPriorityGrouping
                0x08000d18       0x24 CMakeFiles/Green_Find.elf.dir/Drivers/STM32F4xx_HAL_Driver/Src/stm32f4xx_hal_cortex.c.obj
                0x08000d18                HAL_NVIC_SetPriorityGrouping
 .text.HAL_NVIC_SetPriority
                0x08000d3c       0x70 CMakeFiles/Green_Find.elf.dir/Drivers/STM32F4xx_HAL_Driver/Src/stm32f4xx_hal_cortex.c.obj
                0x08000d3c                HAL_NVIC_SetPriority
 .text.HAL_NVIC_EnableIRQ
                0x08000dac       0x1c CMakeFiles/Green_Find.elf.dir/Drivers/STM32F4xx_HAL_Driver/Src/stm32f4xx_hal_cortex.c.obj
                0x08000dac                HAL_NVIC_EnableIRQ
 .text.HAL_SYSTICK_Config
                0x08000dc8       0x28 CMakeFiles/Green_Find.elf.dir/Drivers/STM32F4xx_HAL_Driver/Src/stm32f4xx_hal_cortex.c.obj
                0x08000dc8                HAL_SYSTICK_Config
 .text.DMA_SetConfig
                0x08000df0       0x2c CMakeFiles/Green_Find.elf.dir/Drivers/STM32F4xx_HAL_Driver/Src/stm32f4xx_hal_dma.c.obj
 .text.DMA_CalcBaseAndBitshift
                0x08000e1c       0x40 CMakeFiles/Green_Find.elf.dir/Drivers/STM32F4xx_HAL_Driver/Src/stm32f4xx_hal_dma.c.obj
 .text.DMA_CheckFifoParam
                0x08000e5c       0x8e CMakeFiles/Green_Find.elf.dir/Drivers/STM32F4xx_HAL_Driver/Src/stm32f4xx_hal_dma.c.obj
 *fill*         0x08000eea        0x2 
 .text.HAL_DMA_Init
                0x08000eec       0xcc CMakeFiles/Green_Find.elf.dir/Drivers/STM32F4xx_HAL_Driver/Src/stm32f4xx_hal_dma.c.obj
                0x08000eec                HAL_DMA_Init
 .text.HAL_DMA_Start_IT
                0x08000fb8       0x6a CMakeFiles/Green_Find.elf.dir/Drivers/STM32F4xx_HAL_Driver/Src/stm32f4xx_hal_dma.c.obj
                0x08000fb8                HAL_DMA_Start_IT
 .text.HAL_DMA_Abort
                0x08001022       0x94 CMakeFiles/Green_Find.elf.dir/Drivers/STM32F4xx_HAL_Driver/Src/stm32f4xx_hal_dma.c.obj
                0x08001022                HAL_DMA_Abort
 .text.HAL_DMA_Abort_IT
                0x080010b6       0x26 CMakeFiles/Green_Find.elf.dir/Drivers/STM32F4xx_HAL_Driver/Src/stm32f4xx_hal_dma.c.obj
                0x080010b6                HAL_DMA_Abort_IT
 .text.HAL_DMA_IRQHandler
                0x080010dc      0x1dc CMakeFiles/Green_Find.elf.dir/Drivers/STM32F4xx_HAL_Driver/Src/stm32f4xx_hal_dma.c.obj
                0x080010dc                HAL_DMA_IRQHandler
 .text.HAL_GPIO_Init
                0x080012b8      0x1e4 CMakeFiles/Green_Find.elf.dir/Drivers/STM32F4xx_HAL_Driver/Src/stm32f4xx_hal_gpio.c.obj
                0x080012b8                HAL_GPIO_Init
 .text.HAL_RCC_OscConfig
                0x0800149c      0x3f8 CMakeFiles/Green_Find.elf.dir/Drivers/STM32F4xx_HAL_Driver/Src/stm32f4xx_hal_rcc.c.obj
                0x0800149c                HAL_RCC_OscConfig
 .text.HAL_RCC_GetSysClockFreq
                0x08001894       0xa4 CMakeFiles/Green_Find.elf.dir/Drivers/STM32F4xx_HAL_Driver/Src/stm32f4xx_hal_rcc.c.obj
                0x08001894                HAL_RCC_GetSysClockFreq
 .text.HAL_RCC_ClockConfig
                0x08001938      0x160 CMakeFiles/Green_Find.elf.dir/Drivers/STM32F4xx_HAL_Driver/Src/stm32f4xx_hal_rcc.c.obj
                0x08001938                HAL_RCC_ClockConfig
 .text.HAL_RCC_GetHCLKFreq
                0x08001a98        0xc CMakeFiles/Green_Find.elf.dir/Drivers/STM32F4xx_HAL_Driver/Src/stm32f4xx_hal_rcc.c.obj
                0x08001a98                HAL_RCC_GetHCLKFreq
 .text.HAL_RCC_GetPCLK1Freq
                0x08001aa4       0x20 CMakeFiles/Green_Find.elf.dir/Drivers/STM32F4xx_HAL_Driver/Src/stm32f4xx_hal_rcc.c.obj
                0x08001aa4                HAL_RCC_GetPCLK1Freq
 .text.HAL_RCC_GetPCLK2Freq
                0x08001ac4       0x20 CMakeFiles/Green_Find.elf.dir/Drivers/STM32F4xx_HAL_Driver/Src/stm32f4xx_hal_rcc.c.obj
                0x08001ac4                HAL_RCC_GetPCLK2Freq
 .text.TIM_OC1_SetConfig
                0x08001ae4       0x68 CMakeFiles/Green_Find.elf.dir/Drivers/STM32F4xx_HAL_Driver/Src/stm32f4xx_hal_tim.c.obj
 .text.TIM_OC3_SetConfig
                0x08001b4c       0x70 CMakeFiles/Green_Find.elf.dir/Drivers/STM32F4xx_HAL_Driver/Src/stm32f4xx_hal_tim.c.obj
 .text.TIM_OC4_SetConfig
                0x08001bbc       0x50 CMakeFiles/Green_Find.elf.dir/Drivers/STM32F4xx_HAL_Driver/Src/stm32f4xx_hal_tim.c.obj
 .text.TIM_TI1_ConfigInputStage
                0x08001c0c       0x24 CMakeFiles/Green_Find.elf.dir/Drivers/STM32F4xx_HAL_Driver/Src/stm32f4xx_hal_tim.c.obj
 .text.TIM_TI2_ConfigInputStage
                0x08001c30       0x26 CMakeFiles/Green_Find.elf.dir/Drivers/STM32F4xx_HAL_Driver/Src/stm32f4xx_hal_tim.c.obj
 .text.TIM_ITRx_SetConfig
                0x08001c56       0x10 CMakeFiles/Green_Find.elf.dir/Drivers/STM32F4xx_HAL_Driver/Src/stm32f4xx_hal_tim.c.obj
 .text.HAL_TIM_PeriodElapsedCallback
                0x08001c66        0x2 CMakeFiles/Green_Find.elf.dir/Drivers/STM32F4xx_HAL_Driver/Src/stm32f4xx_hal_tim.c.obj
                0x08001c66                HAL_TIM_PeriodElapsedCallback
 .text.HAL_TIM_OC_DelayElapsedCallback
                0x08001c68        0x2 CMakeFiles/Green_Find.elf.dir/Drivers/STM32F4xx_HAL_Driver/Src/stm32f4xx_hal_tim.c.obj
                0x08001c68                HAL_TIM_OC_DelayElapsedCallback
 .text.HAL_TIM_IC_CaptureCallback
                0x08001c6a        0x2 CMakeFiles/Green_Find.elf.dir/Drivers/STM32F4xx_HAL_Driver/Src/stm32f4xx_hal_tim.c.obj
                0x08001c6a                HAL_TIM_IC_CaptureCallback
 .text.HAL_TIM_PWM_PulseFinishedCallback
                0x08001c6c        0x2 CMakeFiles/Green_Find.elf.dir/Drivers/STM32F4xx_HAL_Driver/Src/stm32f4xx_hal_tim.c.obj
                0x08001c6c                HAL_TIM_PWM_PulseFinishedCallback
 .text.HAL_TIM_TriggerCallback
                0x08001c6e        0x2 CMakeFiles/Green_Find.elf.dir/Drivers/STM32F4xx_HAL_Driver/Src/stm32f4xx_hal_tim.c.obj
                0x08001c6e                HAL_TIM_TriggerCallback
 .text.HAL_TIM_IRQHandler
                0x08001c70      0x17a CMakeFiles/Green_Find.elf.dir/Drivers/STM32F4xx_HAL_Driver/Src/stm32f4xx_hal_tim.c.obj
                0x08001c70                HAL_TIM_IRQHandler
 *fill*         0x08001dea        0x2 
 .text.TIM_Base_SetConfig
                0x08001dec       0xc8 CMakeFiles/Green_Find.elf.dir/Drivers/STM32F4xx_HAL_Driver/Src/stm32f4xx_hal_tim.c.obj
                0x08001dec                TIM_Base_SetConfig
 .text.HAL_TIM_Base_Init
                0x08001eb4       0x58 CMakeFiles/Green_Find.elf.dir/Drivers/STM32F4xx_HAL_Driver/Src/stm32f4xx_hal_tim.c.obj
                0x08001eb4                HAL_TIM_Base_Init
 .text.HAL_TIM_PWM_Init
                0x08001f0c       0x58 CMakeFiles/Green_Find.elf.dir/Drivers/STM32F4xx_HAL_Driver/Src/stm32f4xx_hal_tim.c.obj
                0x08001f0c                HAL_TIM_PWM_Init
 .text.TIM_OC2_SetConfig
                0x08001f64       0x70 CMakeFiles/Green_Find.elf.dir/Drivers/STM32F4xx_HAL_Driver/Src/stm32f4xx_hal_tim.c.obj
                0x08001f64                TIM_OC2_SetConfig
 .text.HAL_TIM_PWM_ConfigChannel
                0x08001fd4       0xdc CMakeFiles/Green_Find.elf.dir/Drivers/STM32F4xx_HAL_Driver/Src/stm32f4xx_hal_tim.c.obj
                0x08001fd4                HAL_TIM_PWM_ConfigChannel
 .text.TIM_ETR_SetConfig
                0x080020b0       0x18 CMakeFiles/Green_Find.elf.dir/Drivers/STM32F4xx_HAL_Driver/Src/stm32f4xx_hal_tim.c.obj
                0x080020b0                TIM_ETR_SetConfig
 .text.HAL_TIM_ConfigClockSource
                0x080020c8       0xfe CMakeFiles/Green_Find.elf.dir/Drivers/STM32F4xx_HAL_Driver/Src/stm32f4xx_hal_tim.c.obj
                0x080020c8                HAL_TIM_ConfigClockSource
 .text.TIM_CCxChannelCmd
                0x080021c6       0x1e CMakeFiles/Green_Find.elf.dir/Drivers/STM32F4xx_HAL_Driver/Src/stm32f4xx_hal_tim.c.obj
                0x080021c6                TIM_CCxChannelCmd
 .text.HAL_TIM_PWM_Start
                0x080021e4      0x104 CMakeFiles/Green_Find.elf.dir/Drivers/STM32F4xx_HAL_Driver/Src/stm32f4xx_hal_tim.c.obj
                0x080021e4                HAL_TIM_PWM_Start
 .text.HAL_TIMEx_MasterConfigSynchronization
                0x080022e8       0x8c CMakeFiles/Green_Find.elf.dir/Drivers/STM32F4xx_HAL_Driver/Src/stm32f4xx_hal_tim_ex.c.obj
                0x080022e8                HAL_TIMEx_MasterConfigSynchronization
 .text.HAL_TIMEx_CommutCallback
                0x08002374        0x2 CMakeFiles/Green_Find.elf.dir/Drivers/STM32F4xx_HAL_Driver/Src/stm32f4xx_hal_tim_ex.c.obj
                0x08002374                HAL_TIMEx_CommutCallback
 .text.HAL_TIMEx_BreakCallback
                0x08002376        0x2 CMakeFiles/Green_Find.elf.dir/Drivers/STM32F4xx_HAL_Driver/Src/stm32f4xx_hal_tim_ex.c.obj
                0x08002376                HAL_TIMEx_BreakCallback
 .text.UART_EndTxTransfer
                0x08002378       0x20 CMakeFiles/Green_Find.elf.dir/Drivers/STM32F4xx_HAL_Driver/Src/stm32f4xx_hal_uart.c.obj
 .text.UART_EndRxTransfer
                0x08002398       0x5c CMakeFiles/Green_Find.elf.dir/Drivers/STM32F4xx_HAL_Driver/Src/stm32f4xx_hal_uart.c.obj
 .text.UART_Transmit_IT
                0x080023f4       0x60 CMakeFiles/Green_Find.elf.dir/Drivers/STM32F4xx_HAL_Driver/Src/stm32f4xx_hal_uart.c.obj
 .text.UART_SetConfig
                0x08002454      0x110 CMakeFiles/Green_Find.elf.dir/Drivers/STM32F4xx_HAL_Driver/Src/stm32f4xx_hal_uart.c.obj
 .text.HAL_UART_Init
                0x08002564       0x5e CMakeFiles/Green_Find.elf.dir/Drivers/STM32F4xx_HAL_Driver/Src/stm32f4xx_hal_uart.c.obj
                0x08002564                HAL_UART_Init
 .text.HAL_UART_DMAStop
                0x080025c2       0x84 CMakeFiles/Green_Find.elf.dir/Drivers/STM32F4xx_HAL_Driver/Src/stm32f4xx_hal_uart.c.obj
                0x080025c2                HAL_UART_DMAStop
 .text.HAL_UART_TxCpltCallback
                0x08002646        0x2 CMakeFiles/Green_Find.elf.dir/Drivers/STM32F4xx_HAL_Driver/Src/stm32f4xx_hal_uart.c.obj
                0x08002646                HAL_UART_TxCpltCallback
 .text.UART_EndTransmit_IT
                0x08002648       0x1a CMakeFiles/Green_Find.elf.dir/Drivers/STM32F4xx_HAL_Driver/Src/stm32f4xx_hal_uart.c.obj
 .text.HAL_UART_RxCpltCallback
                0x08002662        0x2 CMakeFiles/Green_Find.elf.dir/Drivers/STM32F4xx_HAL_Driver/Src/stm32f4xx_hal_uart.c.obj
                0x08002662                HAL_UART_RxCpltCallback
 .text.HAL_UART_RxHalfCpltCallback
                0x08002664        0x2 CMakeFiles/Green_Find.elf.dir/Drivers/STM32F4xx_HAL_Driver/Src/stm32f4xx_hal_uart.c.obj
                0x08002664                HAL_UART_RxHalfCpltCallback
 .text.HAL_UART_ErrorCallback
                0x08002666        0x2 CMakeFiles/Green_Find.elf.dir/Drivers/STM32F4xx_HAL_Driver/Src/stm32f4xx_hal_uart.c.obj
                0x08002666                HAL_UART_ErrorCallback
 .text.UART_DMAError
                0x08002668       0x58 CMakeFiles/Green_Find.elf.dir/Drivers/STM32F4xx_HAL_Driver/Src/stm32f4xx_hal_uart.c.obj
 .text.UART_DMAAbortOnError
                0x080026c0       0x10 CMakeFiles/Green_Find.elf.dir/Drivers/STM32F4xx_HAL_Driver/Src/stm32f4xx_hal_uart.c.obj
 .text.HAL_UARTEx_RxEventCallback
                0x080026d0        0x2 CMakeFiles/Green_Find.elf.dir/Drivers/STM32F4xx_HAL_Driver/Src/stm32f4xx_hal_uart.c.obj
                0x080026d0                HAL_UARTEx_RxEventCallback
 .text.UART_Receive_IT
                0x080026d2       0xe2 CMakeFiles/Green_Find.elf.dir/Drivers/STM32F4xx_HAL_Driver/Src/stm32f4xx_hal_uart.c.obj
 .text.HAL_UART_IRQHandler
                0x080027b4      0x280 CMakeFiles/Green_Find.elf.dir/Drivers/STM32F4xx_HAL_Driver/Src/stm32f4xx_hal_uart.c.obj
                0x080027b4                HAL_UART_IRQHandler
 .text.UART_DMARxHalfCplt
                0x08002a34       0x1a CMakeFiles/Green_Find.elf.dir/Drivers/STM32F4xx_HAL_Driver/Src/stm32f4xx_hal_uart.c.obj
 .text.UART_DMAReceiveCplt
                0x08002a4e       0x96 CMakeFiles/Green_Find.elf.dir/Drivers/STM32F4xx_HAL_Driver/Src/stm32f4xx_hal_uart.c.obj
 .text.UART_Start_Receive_DMA
                0x08002ae4       0xa8 CMakeFiles/Green_Find.elf.dir/Drivers/STM32F4xx_HAL_Driver/Src/stm32f4xx_hal_uart.c.obj
                0x08002ae4                UART_Start_Receive_DMA
 .text.HAL_UART_Receive_DMA
                0x08002b8c       0x38 CMakeFiles/Green_Find.elf.dir/Drivers/STM32F4xx_HAL_Driver/Src/stm32f4xx_hal_uart.c.obj
                0x08002b8c                HAL_UART_Receive_DMA
 .text.mv_Init  0x08002bc4       0x20 CMakeFiles/Green_Find.elf.dir/User/openmv.c.obj
                0x08002bc4                mv_Init
 .text.mv_getdata
                0x08002be4       0x78 CMakeFiles/Green_Find.elf.dir/User/openmv.c.obj
                0x08002be4                mv_getdata
 .text.MV_UartIrqHandler
                0x08002c5c       0x34 CMakeFiles/Green_Find.elf.dir/User/openmv.c.obj
                0x08002c5c                MV_UartIrqHandler
 .text.PID_SpeedParamInit
                0x08002c90       0x58 CMakeFiles/Green_Find.elf.dir/User/pid.c.obj
                0x08002c90                PID_SpeedParamInit
 .text.servo_Init
                0x08002ce8       0x44 CMakeFiles/Green_Find.elf.dir/User/servo.c.obj
                0x08002ce8                servo_Init
 .text.__libc_init_array
                0x08002d2c       0x48 d:/enviro~1/gcc-ar~1/102021~1.10/bin/../lib/gcc/arm-none-eabi/10.3.1/../../../../arm-none-eabi/lib/thumb/v7e-m/nofp\libg.a(lib_a-init.o)
                0x08002d2c                __libc_init_array
 .text.memset   0x08002d74       0xa4 d:/enviro~1/gcc-ar~1/102021~1.10/bin/../lib/gcc/arm-none-eabi/10.3.1/../../../../arm-none-eabi/lib/thumb/v7e-m/nofp\libg.a(lib_a-memset.o)
                0x08002d74                memset
 .text.startup.register_fini
                0x08002e18       0x14 d:/enviro~1/gcc-ar~1/102021~1.10/bin/../lib/gcc/arm-none-eabi/10.3.1/../../../../arm-none-eabi/lib/thumb/v7e-m/nofp\libg.a(lib_a-__call_atexit.o)
 .text.atexit   0x08002e2c        0xc d:/enviro~1/gcc-ar~1/102021~1.10/bin/../lib/gcc/arm-none-eabi/10.3.1/../../../../arm-none-eabi/lib/thumb/v7e-m/nofp\libg.a(lib_a-atexit.o)
                0x08002e2c                atexit
 .text.__libc_fini_array
                0x08002e38       0x2c d:/enviro~1/gcc-ar~1/102021~1.10/bin/../lib/gcc/arm-none-eabi/10.3.1/../../../../arm-none-eabi/lib/thumb/v7e-m/nofp\libg.a(lib_a-fini.o)
                0x08002e38                __libc_fini_array
 .text.__retarget_lock_acquire_recursive
                0x08002e64        0x4 d:/enviro~1/gcc-ar~1/102021~1.10/bin/../lib/gcc/arm-none-eabi/10.3.1/../../../../arm-none-eabi/lib/thumb/v7e-m/nofp\libg.a(lib_a-lock.o)
                0x08002e64                __retarget_lock_acquire_recursive
 .text.__retarget_lock_release_recursive
                0x08002e68        0x4 d:/enviro~1/gcc-ar~1/102021~1.10/bin/../lib/gcc/arm-none-eabi/10.3.1/../../../../arm-none-eabi/lib/thumb/v7e-m/nofp\libg.a(lib_a-lock.o)
                0x08002e68                __retarget_lock_release_recursive
 .text.__register_exitproc
                0x08002e6c       0x8c d:/enviro~1/gcc-ar~1/102021~1.10/bin/../lib/gcc/arm-none-eabi/10.3.1/../../../../arm-none-eabi/lib/thumb/v7e-m/nofp\libg.a(lib_a-__atexit.o)
                0x08002e6c                __register_exitproc
 *(.glue_7)
 .glue_7        0x08002ef8        0x0 linker stubs
 *(.glue_7t)
 .glue_7t       0x08002ef8        0x0 linker stubs
 *(.eh_frame)
 .eh_frame      0x08002ef8        0x0 d:/enviro~1/gcc-ar~1/102021~1.10/bin/../lib/gcc/arm-none-eabi/10.3.1/thumb/v7e-m/nofp/crtbegin.o
 *(.init)
 .init          0x08002ef8        0x4 d:/enviro~1/gcc-ar~1/102021~1.10/bin/../lib/gcc/arm-none-eabi/10.3.1/thumb/v7e-m/nofp/crti.o
                0x08002ef8                _init
 .init          0x08002efc        0x8 d:/enviro~1/gcc-ar~1/102021~1.10/bin/../lib/gcc/arm-none-eabi/10.3.1/thumb/v7e-m/nofp/crtn.o
 *(.fini)
 .fini          0x08002f04        0x4 d:/enviro~1/gcc-ar~1/102021~1.10/bin/../lib/gcc/arm-none-eabi/10.3.1/thumb/v7e-m/nofp/crti.o
                0x08002f04                _fini
 .fini          0x08002f08        0x8 d:/enviro~1/gcc-ar~1/102021~1.10/bin/../lib/gcc/arm-none-eabi/10.3.1/thumb/v7e-m/nofp/crtn.o
                0x08002f10                . = ALIGN (0x4)
                0x08002f10                _etext = .

.vfp11_veneer   0x08002f10        0x0
 .vfp11_veneer  0x08002f10        0x0 linker stubs

.v4_bx          0x08002f10        0x0
 .v4_bx         0x08002f10        0x0 linker stubs

.iplt           0x08002f10        0x0
 .iplt          0x08002f10        0x0 d:/enviro~1/gcc-ar~1/102021~1.10/bin/../lib/gcc/arm-none-eabi/10.3.1/thumb/v7e-m/nofp/crtbegin.o

.rodata         0x08002f10       0x24
                0x08002f10                . = ALIGN (0x4)
 *(.rodata)
 *(.rodata*)
 .rodata.AHBPrescTable
                0x08002f10       0x10 CMakeFiles/Green_Find.elf.dir/Core/Src/system_stm32f4xx.c.obj
                0x08002f10                AHBPrescTable
 .rodata.APBPrescTable
                0x08002f20        0x8 CMakeFiles/Green_Find.elf.dir/Core/Src/system_stm32f4xx.c.obj
                0x08002f20                APBPrescTable
 .rodata.flagBitshiftOffset.0
                0x08002f28        0x8 CMakeFiles/Green_Find.elf.dir/Drivers/STM32F4xx_HAL_Driver/Src/stm32f4xx_hal_dma.c.obj
 .rodata._global_impure_ptr
                0x08002f30        0x4 d:/enviro~1/gcc-ar~1/102021~1.10/bin/../lib/gcc/arm-none-eabi/10.3.1/../../../../arm-none-eabi/lib/thumb/v7e-m/nofp\libg.a(lib_a-impure.o)
                0x08002f30                _global_impure_ptr
                0x08002f34                . = ALIGN (0x4)

.ARM.extab      0x08002f34        0x0
                0x08002f34                . = ALIGN (0x4)
 *(.ARM.extab* .gnu.linkonce.armextab.*)
                0x08002f34                . = ALIGN (0x4)

.ARM            0x08002f34        0x8
                0x08002f34                . = ALIGN (0x4)
                0x08002f34                __exidx_start = .
 *(.ARM.exidx*)
 .ARM.exidx     0x08002f34        0x8 d:/enviro~1/gcc-ar~1/102021~1.10/bin/../lib/gcc/arm-none-eabi/10.3.1/thumb/v7e-m/nofp\libgcc.a(_udivmoddi4.o)
                0x08002f3c                __exidx_end = .
                0x08002f3c                . = ALIGN (0x4)

.rel.dyn        0x08002f3c        0x0
 .rel.iplt      0x08002f3c        0x0 d:/enviro~1/gcc-ar~1/102021~1.10/bin/../lib/gcc/arm-none-eabi/10.3.1/thumb/v7e-m/nofp/crtbegin.o

.preinit_array  0x08002f3c        0x0
                0x08002f3c                . = ALIGN (0x4)
                0x08002f3c                PROVIDE (__preinit_array_start = .)
 *(.preinit_array*)
                0x08002f3c                PROVIDE (__preinit_array_end = .)
                0x08002f3c                . = ALIGN (0x4)

.init_array     0x08002f3c        0x8
                0x08002f3c                . = ALIGN (0x4)
                0x08002f3c                PROVIDE (__init_array_start = .)
 *(SORT_BY_NAME(.init_array.*))
 .init_array.00000
                0x08002f3c        0x4 d:/enviro~1/gcc-ar~1/102021~1.10/bin/../lib/gcc/arm-none-eabi/10.3.1/../../../../arm-none-eabi/lib/thumb/v7e-m/nofp\libg.a(lib_a-__call_atexit.o)
 *(.init_array*)
 .init_array    0x08002f40        0x4 d:/enviro~1/gcc-ar~1/102021~1.10/bin/../lib/gcc/arm-none-eabi/10.3.1/thumb/v7e-m/nofp/crtbegin.o
                0x08002f44                PROVIDE (__init_array_end = .)
                0x08002f44                . = ALIGN (0x4)

.fini_array     0x08002f44        0x4
                0x08002f44                . = ALIGN (0x4)
                0x08002f44                PROVIDE (__fini_array_start = .)
 *(SORT_BY_NAME(.fini_array.*))
 *(.fini_array*)
 .fini_array    0x08002f44        0x4 d:/enviro~1/gcc-ar~1/102021~1.10/bin/../lib/gcc/arm-none-eabi/10.3.1/thumb/v7e-m/nofp/crtbegin.o
                0x08002f48                PROVIDE (__fini_array_end = .)
                0x08002f48                . = ALIGN (0x4)
                0x08002f48                _sidata = LOADADDR (.data)

.data           0x20000000      0x444 load address 0x08002f48
                0x20000000                . = ALIGN (0x4)
                0x20000000                _sdata = .
 *(.data)
 *(.data*)
 .data.SystemCoreClock
                0x20000000        0x4 CMakeFiles/Green_Find.elf.dir/Core/Src/system_stm32f4xx.c.obj
                0x20000000                SystemCoreClock
 .data.uwTickFreq
                0x20000004        0x1 CMakeFiles/Green_Find.elf.dir/Drivers/STM32F4xx_HAL_Driver/Src/stm32f4xx_hal.c.obj
                0x20000004                uwTickFreq
 *fill*         0x20000005        0x3 
 .data.uwTickPrio
                0x20000008        0x4 CMakeFiles/Green_Find.elf.dir/Drivers/STM32F4xx_HAL_Driver/Src/stm32f4xx_hal.c.obj
                0x20000008                uwTickPrio
 .data.initial_x
                0x2000000c        0x4 CMakeFiles/Green_Find.elf.dir/User/servo.c.obj
                0x2000000c                initial_x
 .data.initial_y
                0x20000010        0x4 CMakeFiles/Green_Find.elf.dir/User/servo.c.obj
                0x20000010                initial_y
 *fill*         0x20000014        0x4 
 .data.impure_data
                0x20000018      0x428 d:/enviro~1/gcc-ar~1/102021~1.10/bin/../lib/gcc/arm-none-eabi/10.3.1/../../../../arm-none-eabi/lib/thumb/v7e-m/nofp\libg.a(lib_a-impure.o)
 .data.__atexit_recursive_mutex
                0x20000440        0x4 d:/enviro~1/gcc-ar~1/102021~1.10/bin/../lib/gcc/arm-none-eabi/10.3.1/../../../../arm-none-eabi/lib/thumb/v7e-m/nofp\libg.a(lib_a-__call_atexit.o)
                0x20000440                __atexit_recursive_mutex
 *(.RamFunc)
 *(.RamFunc*)
                0x20000444                . = ALIGN (0x4)
                0x20000444                _edata = .
                0x0800338c                _siccmram = LOADADDR (.ccmram)

.igot.plt       0x20000444        0x0 load address 0x0800338c
 .igot.plt      0x20000444        0x0 d:/enviro~1/gcc-ar~1/102021~1.10/bin/../lib/gcc/arm-none-eabi/10.3.1/thumb/v7e-m/nofp/crtbegin.o

.ccmram         0x10000000        0x0 load address 0x0800338c
                0x10000000                . = ALIGN (0x4)
                0x10000000                _sccmram = .
 *(.ccmram)
 *(.ccmram*)
                0x10000000                . = ALIGN (0x4)
                0x10000000                _eccmram = .
                0x10000000                . = ALIGN (0x4)

.bss            0x20000444      0x414
                0x20000444                _sbss = .
                0x20000444                __bss_start__ = _sbss
 *(.bss)
 .bss           0x20000444       0x1c d:/enviro~1/gcc-ar~1/102021~1.10/bin/../lib/gcc/arm-none-eabi/10.3.1/thumb/v7e-m/nofp/crtbegin.o
 *(.bss*)
 .bss.htim2     0x20000460       0x48 CMakeFiles/Green_Find.elf.dir/Core/Src/tim.c.obj
                0x20000460                htim2
 .bss.htim4     0x200004a8       0x48 CMakeFiles/Green_Find.elf.dir/Core/Src/tim.c.obj
                0x200004a8                htim4
 .bss.hdma_usart1_rx
                0x200004f0       0x60 CMakeFiles/Green_Find.elf.dir/Core/Src/usart.c.obj
                0x200004f0                hdma_usart1_rx
 .bss.hdma_usart1_tx
                0x20000550       0x60 CMakeFiles/Green_Find.elf.dir/Core/Src/usart.c.obj
                0x20000550                hdma_usart1_tx
 .bss.huart1    0x200005b0       0x44 CMakeFiles/Green_Find.elf.dir/Core/Src/usart.c.obj
                0x200005b0                huart1
 .bss.uwTick    0x200005f4        0x4 CMakeFiles/Green_Find.elf.dir/Drivers/STM32F4xx_HAL_Driver/Src/stm32f4xx_hal.c.obj
                0x200005f4                uwTick
 .bss.MVRvBuff  0x200005f8       0xff CMakeFiles/Green_Find.elf.dir/User/openmv.c.obj
                0x200005f8                MVRvBuff
 *fill*         0x200006f7        0x1 
 .bss.MVTBuff   0x200006f8       0xff CMakeFiles/Green_Find.elf.dir/User/openmv.c.obj
                0x200006f8                MVTBuff
 *fill*         0x200007f7        0x1 
 .bss.servo_go  0x200007f8       0x54 CMakeFiles/Green_Find.elf.dir/User/servo.c.obj
                0x200007f8                servo_go
 .bss.servo_tar
                0x2000084c        0x8 CMakeFiles/Green_Find.elf.dir/User/servo.c.obj
                0x2000084c                servo_tar
 .bss.__lock___atexit_recursive_mutex
                0x20000854        0x1 d:/enviro~1/gcc-ar~1/102021~1.10/bin/../lib/gcc/arm-none-eabi/10.3.1/../../../../arm-none-eabi/lib/thumb/v7e-m/nofp\libg.a(lib_a-lock.o)
                0x20000854                __lock___atexit_recursive_mutex
 *(COMMON)
                0x20000858                . = ALIGN (0x4)
 *fill*         0x20000855        0x3 
                0x20000858                _ebss = .
                0x20000858                __bss_end__ = _ebss

._user_heap_stack
                0x20000858      0x600
                0x20000858                . = ALIGN (0x8)
                [!provide]                PROVIDE (end = .)
                0x20000858                PROVIDE (_end = .)
                0x20000a58                . = (. + _Min_Heap_Size)
 *fill*         0x20000858      0x200 
                0x20000e58                . = (. + _Min_Stack_Size)
 *fill*         0x20000a58      0x400 
                0x20000e58                . = ALIGN (0x8)

/DISCARD/
 libc.a(*)
 libm.a(*)
 libgcc.a(*)

.ARM.attributes
                0x00000000       0x2a
 *(.ARM.attributes)
 .ARM.attributes
                0x00000000       0x1e d:/enviro~1/gcc-ar~1/102021~1.10/bin/../lib/gcc/arm-none-eabi/10.3.1/thumb/v7e-m/nofp/crti.o
 .ARM.attributes
                0x0000001e       0x2e d:/enviro~1/gcc-ar~1/102021~1.10/bin/../lib/gcc/arm-none-eabi/10.3.1/thumb/v7e-m/nofp/crtbegin.o
 .ARM.attributes
                0x0000004c       0x2e CMakeFiles/Green_Find.elf.dir/Core/Src/dma.c.obj
 .ARM.attributes
                0x0000007a       0x2e CMakeFiles/Green_Find.elf.dir/Core/Src/gpio.c.obj
 .ARM.attributes
                0x000000a8       0x2e CMakeFiles/Green_Find.elf.dir/Core/Src/main.c.obj
 .ARM.attributes
                0x000000d6       0x2e CMakeFiles/Green_Find.elf.dir/Core/Src/stm32f4xx_hal_msp.c.obj
 .ARM.attributes
                0x00000104       0x2e CMakeFiles/Green_Find.elf.dir/Core/Src/stm32f4xx_it.c.obj
 .ARM.attributes
                0x00000132       0x2e CMakeFiles/Green_Find.elf.dir/Core/Src/system_stm32f4xx.c.obj
 .ARM.attributes
                0x00000160       0x2e CMakeFiles/Green_Find.elf.dir/Core/Src/tim.c.obj
 .ARM.attributes
                0x0000018e       0x2e CMakeFiles/Green_Find.elf.dir/Core/Src/usart.c.obj
 .ARM.attributes
                0x000001bc       0x21 CMakeFiles/Green_Find.elf.dir/Core/Startup/startup_stm32f407zgtx.s.obj
 .ARM.attributes
                0x000001dd       0x2e CMakeFiles/Green_Find.elf.dir/Drivers/STM32F4xx_HAL_Driver/Src/stm32f4xx_hal.c.obj
 .ARM.attributes
                0x0000020b       0x2e CMakeFiles/Green_Find.elf.dir/Drivers/STM32F4xx_HAL_Driver/Src/stm32f4xx_hal_cortex.c.obj
 .ARM.attributes
                0x00000239       0x2e CMakeFiles/Green_Find.elf.dir/Drivers/STM32F4xx_HAL_Driver/Src/stm32f4xx_hal_dma.c.obj
 .ARM.attributes
                0x00000267       0x2e CMakeFiles/Green_Find.elf.dir/Drivers/STM32F4xx_HAL_Driver/Src/stm32f4xx_hal_gpio.c.obj
 .ARM.attributes
                0x00000295       0x2e CMakeFiles/Green_Find.elf.dir/Drivers/STM32F4xx_HAL_Driver/Src/stm32f4xx_hal_rcc.c.obj
 .ARM.attributes
                0x000002c3       0x2e CMakeFiles/Green_Find.elf.dir/Drivers/STM32F4xx_HAL_Driver/Src/stm32f4xx_hal_tim.c.obj
 .ARM.attributes
                0x000002f1       0x2e CMakeFiles/Green_Find.elf.dir/Drivers/STM32F4xx_HAL_Driver/Src/stm32f4xx_hal_tim_ex.c.obj
 .ARM.attributes
                0x0000031f       0x2e CMakeFiles/Green_Find.elf.dir/Drivers/STM32F4xx_HAL_Driver/Src/stm32f4xx_hal_uart.c.obj
 .ARM.attributes
                0x0000034d       0x2e CMakeFiles/Green_Find.elf.dir/User/openmv.c.obj
 .ARM.attributes
                0x0000037b       0x2e CMakeFiles/Green_Find.elf.dir/User/pid.c.obj
 .ARM.attributes
                0x000003a9       0x2e CMakeFiles/Green_Find.elf.dir/User/servo.c.obj
 .ARM.attributes
                0x000003d7       0x1e d:/enviro~1/gcc-ar~1/102021~1.10/bin/../lib/gcc/arm-none-eabi/10.3.1/thumb/v7e-m/nofp\libgcc.a(_arm_addsubsf3.o)
 .ARM.attributes
                0x000003f5       0x1e d:/enviro~1/gcc-ar~1/102021~1.10/bin/../lib/gcc/arm-none-eabi/10.3.1/thumb/v7e-m/nofp\libgcc.a(_arm_fixunssfsi.o)
 .ARM.attributes
                0x00000413       0x1e d:/enviro~1/gcc-ar~1/102021~1.10/bin/../lib/gcc/arm-none-eabi/10.3.1/thumb/v7e-m/nofp\libgcc.a(_aeabi_uldivmod.o)
 .ARM.attributes
                0x00000431       0x2e d:/enviro~1/gcc-ar~1/102021~1.10/bin/../lib/gcc/arm-none-eabi/10.3.1/thumb/v7e-m/nofp\libgcc.a(_udivmoddi4.o)
 .ARM.attributes
                0x0000045f       0x1e d:/enviro~1/gcc-ar~1/102021~1.10/bin/../lib/gcc/arm-none-eabi/10.3.1/thumb/v7e-m/nofp\libgcc.a(_dvmd_tls.o)
 .ARM.attributes
                0x0000047d       0x2e d:/enviro~1/gcc-ar~1/102021~1.10/bin/../lib/gcc/arm-none-eabi/10.3.1/../../../../arm-none-eabi/lib/thumb/v7e-m/nofp\libg.a(lib_a-impure.o)
 .ARM.attributes
                0x000004ab       0x2e d:/enviro~1/gcc-ar~1/102021~1.10/bin/../lib/gcc/arm-none-eabi/10.3.1/../../../../arm-none-eabi/lib/thumb/v7e-m/nofp\libg.a(lib_a-init.o)
 .ARM.attributes
                0x000004d9       0x2e d:/enviro~1/gcc-ar~1/102021~1.10/bin/../lib/gcc/arm-none-eabi/10.3.1/../../../../arm-none-eabi/lib/thumb/v7e-m/nofp\libg.a(lib_a-memset.o)
 .ARM.attributes
                0x00000507       0x2e d:/enviro~1/gcc-ar~1/102021~1.10/bin/../lib/gcc/arm-none-eabi/10.3.1/../../../../arm-none-eabi/lib/thumb/v7e-m/nofp\libg.a(lib_a-__call_atexit.o)
 .ARM.attributes
                0x00000535       0x2e d:/enviro~1/gcc-ar~1/102021~1.10/bin/../lib/gcc/arm-none-eabi/10.3.1/../../../../arm-none-eabi/lib/thumb/v7e-m/nofp\libg.a(lib_a-atexit.o)
 .ARM.attributes
                0x00000563       0x2e d:/enviro~1/gcc-ar~1/102021~1.10/bin/../lib/gcc/arm-none-eabi/10.3.1/../../../../arm-none-eabi/lib/thumb/v7e-m/nofp\libg.a(lib_a-fini.o)
 .ARM.attributes
                0x00000591       0x2e d:/enviro~1/gcc-ar~1/102021~1.10/bin/../lib/gcc/arm-none-eabi/10.3.1/../../../../arm-none-eabi/lib/thumb/v7e-m/nofp\libg.a(lib_a-lock.o)
 .ARM.attributes
                0x000005bf       0x2e d:/enviro~1/gcc-ar~1/102021~1.10/bin/../lib/gcc/arm-none-eabi/10.3.1/../../../../arm-none-eabi/lib/thumb/v7e-m/nofp\libg.a(lib_a-__atexit.o)
 .ARM.attributes
                0x000005ed       0x1e d:/enviro~1/gcc-ar~1/102021~1.10/bin/../lib/gcc/arm-none-eabi/10.3.1/thumb/v7e-m/nofp/crtn.o
OUTPUT(Green_Find.elf elf32-littlearm)
LOAD linker stubs
LOAD d:/enviro~1/gcc-ar~1/102021~1.10/bin/../lib/gcc/arm-none-eabi/10.3.1/../../../../arm-none-eabi/lib/thumb/v7e-m/nofp\libc.a
LOAD d:/enviro~1/gcc-ar~1/102021~1.10/bin/../lib/gcc/arm-none-eabi/10.3.1/../../../../arm-none-eabi/lib/thumb/v7e-m/nofp\libm.a
LOAD d:/enviro~1/gcc-ar~1/102021~1.10/bin/../lib/gcc/arm-none-eabi/10.3.1/thumb/v7e-m/nofp\libgcc.a

.debug_info     0x00000000    0x12840
 .debug_info    0x00000000      0x547 CMakeFiles/Green_Find.elf.dir/Core/Src/dma.c.obj
 .debug_info    0x00000547      0x2d6 CMakeFiles/Green_Find.elf.dir/Core/Src/gpio.c.obj
 .debug_info    0x0000081d      0x605 CMakeFiles/Green_Find.elf.dir/Core/Src/main.c.obj
 .debug_info    0x00000e22      0x2b9 CMakeFiles/Green_Find.elf.dir/Core/Src/stm32f4xx_hal_msp.c.obj
 .debug_info    0x000010db      0xa93 CMakeFiles/Green_Find.elf.dir/Core/Src/stm32f4xx_it.c.obj
 .debug_info    0x00001b6e      0x37d CMakeFiles/Green_Find.elf.dir/Core/Src/system_stm32f4xx.c.obj
 .debug_info    0x00001eeb     0x105e CMakeFiles/Green_Find.elf.dir/Core/Src/tim.c.obj
 .debug_info    0x00002f49      0xd0b CMakeFiles/Green_Find.elf.dir/Core/Src/usart.c.obj
 .debug_info    0x00003c54       0x22 CMakeFiles/Green_Find.elf.dir/Core/Startup/startup_stm32f407zgtx.s.obj
 .debug_info    0x00003c76      0x9f0 CMakeFiles/Green_Find.elf.dir/Drivers/STM32F4xx_HAL_Driver/Src/stm32f4xx_hal.c.obj
 .debug_info    0x00004666     0x1098 CMakeFiles/Green_Find.elf.dir/Drivers/STM32F4xx_HAL_Driver/Src/stm32f4xx_hal_cortex.c.obj
 .debug_info    0x000056fe      0xb3f CMakeFiles/Green_Find.elf.dir/Drivers/STM32F4xx_HAL_Driver/Src/stm32f4xx_hal_dma.c.obj
 .debug_info    0x0000623d      0x7b0 CMakeFiles/Green_Find.elf.dir/Drivers/STM32F4xx_HAL_Driver/Src/stm32f4xx_hal_gpio.c.obj
 .debug_info    0x000069ed      0xb03 CMakeFiles/Green_Find.elf.dir/Drivers/STM32F4xx_HAL_Driver/Src/stm32f4xx_hal_rcc.c.obj
 .debug_info    0x000074f0     0x3d5b CMakeFiles/Green_Find.elf.dir/Drivers/STM32F4xx_HAL_Driver/Src/stm32f4xx_hal_tim.c.obj
 .debug_info    0x0000b24b     0x1ade CMakeFiles/Green_Find.elf.dir/Drivers/STM32F4xx_HAL_Driver/Src/stm32f4xx_hal_tim_ex.c.obj
 .debug_info    0x0000cd29     0x424e CMakeFiles/Green_Find.elf.dir/Drivers/STM32F4xx_HAL_Driver/Src/stm32f4xx_hal_uart.c.obj
 .debug_info    0x00010f77      0x785 CMakeFiles/Green_Find.elf.dir/User/openmv.c.obj
 .debug_info    0x000116fc      0x50c CMakeFiles/Green_Find.elf.dir/User/pid.c.obj
 .debug_info    0x00011c08      0xc38 CMakeFiles/Green_Find.elf.dir/User/servo.c.obj

.debug_abbrev   0x00000000     0x24c7
 .debug_abbrev  0x00000000      0x126 CMakeFiles/Green_Find.elf.dir/Core/Src/dma.c.obj
 .debug_abbrev  0x00000126       0xd1 CMakeFiles/Green_Find.elf.dir/Core/Src/gpio.c.obj
 .debug_abbrev  0x000001f7      0x1b7 CMakeFiles/Green_Find.elf.dir/Core/Src/main.c.obj
 .debug_abbrev  0x000003ae       0xd1 CMakeFiles/Green_Find.elf.dir/Core/Src/stm32f4xx_hal_msp.c.obj
 .debug_abbrev  0x0000047f      0x1b7 CMakeFiles/Green_Find.elf.dir/Core/Src/stm32f4xx_it.c.obj
 .debug_abbrev  0x00000636      0x119 CMakeFiles/Green_Find.elf.dir/Core/Src/system_stm32f4xx.c.obj
 .debug_abbrev  0x0000074f      0x209 CMakeFiles/Green_Find.elf.dir/Core/Src/tim.c.obj
 .debug_abbrev  0x00000958      0x1f6 CMakeFiles/Green_Find.elf.dir/Core/Src/usart.c.obj
 .debug_abbrev  0x00000b4e       0x12 CMakeFiles/Green_Find.elf.dir/Core/Startup/startup_stm32f407zgtx.s.obj
 .debug_abbrev  0x00000b60      0x206 CMakeFiles/Green_Find.elf.dir/Drivers/STM32F4xx_HAL_Driver/Src/stm32f4xx_hal.c.obj
 .debug_abbrev  0x00000d66      0x36a CMakeFiles/Green_Find.elf.dir/Drivers/STM32F4xx_HAL_Driver/Src/stm32f4xx_hal_cortex.c.obj
 .debug_abbrev  0x000010d0      0x2c2 CMakeFiles/Green_Find.elf.dir/Drivers/STM32F4xx_HAL_Driver/Src/stm32f4xx_hal_dma.c.obj
 .debug_abbrev  0x00001392      0x1ef CMakeFiles/Green_Find.elf.dir/Drivers/STM32F4xx_HAL_Driver/Src/stm32f4xx_hal_gpio.c.obj
 .debug_abbrev  0x00001581      0x28a CMakeFiles/Green_Find.elf.dir/Drivers/STM32F4xx_HAL_Driver/Src/stm32f4xx_hal_rcc.c.obj
 .debug_abbrev  0x0000180b      0x22b CMakeFiles/Green_Find.elf.dir/Drivers/STM32F4xx_HAL_Driver/Src/stm32f4xx_hal_tim.c.obj
 .debug_abbrev  0x00001a36      0x241 CMakeFiles/Green_Find.elf.dir/Drivers/STM32F4xx_HAL_Driver/Src/stm32f4xx_hal_tim_ex.c.obj
 .debug_abbrev  0x00001c77      0x2fd CMakeFiles/Green_Find.elf.dir/Drivers/STM32F4xx_HAL_Driver/Src/stm32f4xx_hal_uart.c.obj
 .debug_abbrev  0x00001f74      0x1f5 CMakeFiles/Green_Find.elf.dir/User/openmv.c.obj
 .debug_abbrev  0x00002169      0x106 CMakeFiles/Green_Find.elf.dir/User/pid.c.obj
 .debug_abbrev  0x0000226f      0x258 CMakeFiles/Green_Find.elf.dir/User/servo.c.obj

.debug_aranges  0x00000000      0xcd8
 .debug_aranges
                0x00000000       0x20 CMakeFiles/Green_Find.elf.dir/Core/Src/dma.c.obj
 .debug_aranges
                0x00000020       0x20 CMakeFiles/Green_Find.elf.dir/Core/Src/gpio.c.obj
 .debug_aranges
                0x00000040       0x30 CMakeFiles/Green_Find.elf.dir/Core/Src/main.c.obj
 .debug_aranges
                0x00000070       0x20 CMakeFiles/Green_Find.elf.dir/Core/Src/stm32f4xx_hal_msp.c.obj
 .debug_aranges
                0x00000090       0x80 CMakeFiles/Green_Find.elf.dir/Core/Src/stm32f4xx_it.c.obj
 .debug_aranges
                0x00000110       0x28 CMakeFiles/Green_Find.elf.dir/Core/Src/system_stm32f4xx.c.obj
 .debug_aranges
                0x00000138       0x50 CMakeFiles/Green_Find.elf.dir/Core/Src/tim.c.obj
 .debug_aranges
                0x00000188       0x30 CMakeFiles/Green_Find.elf.dir/Core/Src/usart.c.obj
 .debug_aranges
                0x000001b8       0x28 CMakeFiles/Green_Find.elf.dir/Core/Startup/startup_stm32f407zgtx.s.obj
 .debug_aranges
                0x000001e0       0xf0 CMakeFiles/Green_Find.elf.dir/Drivers/STM32F4xx_HAL_Driver/Src/stm32f4xx_hal.c.obj
 .debug_aranges
                0x000002d0       0xa8 CMakeFiles/Green_Find.elf.dir/Drivers/STM32F4xx_HAL_Driver/Src/stm32f4xx_hal_cortex.c.obj
 .debug_aranges
                0x00000378       0x90 CMakeFiles/Green_Find.elf.dir/Drivers/STM32F4xx_HAL_Driver/Src/stm32f4xx_hal_dma.c.obj
 .debug_aranges
                0x00000408       0x58 CMakeFiles/Green_Find.elf.dir/Drivers/STM32F4xx_HAL_Driver/Src/stm32f4xx_hal_gpio.c.obj
 .debug_aranges
                0x00000460       0x88 CMakeFiles/Green_Find.elf.dir/Drivers/STM32F4xx_HAL_Driver/Src/stm32f4xx_hal_rcc.c.obj
 .debug_aranges
                0x000004e8      0x3d0 CMakeFiles/Green_Find.elf.dir/Drivers/STM32F4xx_HAL_Driver/Src/stm32f4xx_hal_tim.c.obj
 .debug_aranges
                0x000008b8      0x168 CMakeFiles/Green_Find.elf.dir/Drivers/STM32F4xx_HAL_Driver/Src/stm32f4xx_hal_tim_ex.c.obj
 .debug_aranges
                0x00000a20      0x200 CMakeFiles/Green_Find.elf.dir/Drivers/STM32F4xx_HAL_Driver/Src/stm32f4xx_hal_uart.c.obj
 .debug_aranges
                0x00000c20       0x30 CMakeFiles/Green_Find.elf.dir/User/openmv.c.obj
 .debug_aranges
                0x00000c50       0x50 CMakeFiles/Green_Find.elf.dir/User/pid.c.obj
 .debug_aranges
                0x00000ca0       0x38 CMakeFiles/Green_Find.elf.dir/User/servo.c.obj

.debug_ranges   0x00000000      0xc30
 .debug_ranges  0x00000000       0x10 CMakeFiles/Green_Find.elf.dir/Core/Src/dma.c.obj
 .debug_ranges  0x00000010       0x10 CMakeFiles/Green_Find.elf.dir/Core/Src/gpio.c.obj
 .debug_ranges  0x00000020       0x20 CMakeFiles/Green_Find.elf.dir/Core/Src/main.c.obj
 .debug_ranges  0x00000040       0x10 CMakeFiles/Green_Find.elf.dir/Core/Src/stm32f4xx_hal_msp.c.obj
 .debug_ranges  0x00000050       0x70 CMakeFiles/Green_Find.elf.dir/Core/Src/stm32f4xx_it.c.obj
 .debug_ranges  0x000000c0       0x18 CMakeFiles/Green_Find.elf.dir/Core/Src/system_stm32f4xx.c.obj
 .debug_ranges  0x000000d8       0x40 CMakeFiles/Green_Find.elf.dir/Core/Src/tim.c.obj
 .debug_ranges  0x00000118       0x20 CMakeFiles/Green_Find.elf.dir/Core/Src/usart.c.obj
 .debug_ranges  0x00000138       0x20 CMakeFiles/Green_Find.elf.dir/Core/Startup/startup_stm32f407zgtx.s.obj
 .debug_ranges  0x00000158       0xe0 CMakeFiles/Green_Find.elf.dir/Drivers/STM32F4xx_HAL_Driver/Src/stm32f4xx_hal.c.obj
 .debug_ranges  0x00000238       0xf8 CMakeFiles/Green_Find.elf.dir/Drivers/STM32F4xx_HAL_Driver/Src/stm32f4xx_hal_cortex.c.obj
 .debug_ranges  0x00000330       0x80 CMakeFiles/Green_Find.elf.dir/Drivers/STM32F4xx_HAL_Driver/Src/stm32f4xx_hal_dma.c.obj
 .debug_ranges  0x000003b0       0x48 CMakeFiles/Green_Find.elf.dir/Drivers/STM32F4xx_HAL_Driver/Src/stm32f4xx_hal_gpio.c.obj
 .debug_ranges  0x000003f8       0x90 CMakeFiles/Green_Find.elf.dir/Drivers/STM32F4xx_HAL_Driver/Src/stm32f4xx_hal_rcc.c.obj
 .debug_ranges  0x00000488      0x3c0 CMakeFiles/Green_Find.elf.dir/Drivers/STM32F4xx_HAL_Driver/Src/stm32f4xx_hal_tim.c.obj
 .debug_ranges  0x00000848      0x158 CMakeFiles/Green_Find.elf.dir/Drivers/STM32F4xx_HAL_Driver/Src/stm32f4xx_hal_tim_ex.c.obj
 .debug_ranges  0x000009a0      0x208 CMakeFiles/Green_Find.elf.dir/Drivers/STM32F4xx_HAL_Driver/Src/stm32f4xx_hal_uart.c.obj
 .debug_ranges  0x00000ba8       0x20 CMakeFiles/Green_Find.elf.dir/User/openmv.c.obj
 .debug_ranges  0x00000bc8       0x40 CMakeFiles/Green_Find.elf.dir/User/pid.c.obj
 .debug_ranges  0x00000c08       0x28 CMakeFiles/Green_Find.elf.dir/User/servo.c.obj

.debug_line     0x00000000     0xffa2
 .debug_line    0x00000000      0x1b8 CMakeFiles/Green_Find.elf.dir/Core/Src/dma.c.obj
 .debug_line    0x000001b8      0x169 CMakeFiles/Green_Find.elf.dir/Core/Src/gpio.c.obj
 .debug_line    0x00000321      0x3d2 CMakeFiles/Green_Find.elf.dir/Core/Src/main.c.obj
 .debug_line    0x000006f3      0x170 CMakeFiles/Green_Find.elf.dir/Core/Src/stm32f4xx_hal_msp.c.obj
 .debug_line    0x00000863      0x3c5 CMakeFiles/Green_Find.elf.dir/Core/Src/stm32f4xx_it.c.obj
 .debug_line    0x00000c28      0x239 CMakeFiles/Green_Find.elf.dir/Core/Src/system_stm32f4xx.c.obj
 .debug_line    0x00000e61      0x4aa CMakeFiles/Green_Find.elf.dir/Core/Src/tim.c.obj
 .debug_line    0x0000130b      0x3fb CMakeFiles/Green_Find.elf.dir/Core/Src/usart.c.obj
 .debug_line    0x00001706       0xa2 CMakeFiles/Green_Find.elf.dir/Core/Startup/startup_stm32f407zgtx.s.obj
 .debug_line    0x000017a8      0x5b5 CMakeFiles/Green_Find.elf.dir/Drivers/STM32F4xx_HAL_Driver/Src/stm32f4xx_hal.c.obj
 .debug_line    0x00001d5d      0x7c8 CMakeFiles/Green_Find.elf.dir/Drivers/STM32F4xx_HAL_Driver/Src/stm32f4xx_hal_cortex.c.obj
 .debug_line    0x00002525      0xe58 CMakeFiles/Green_Find.elf.dir/Drivers/STM32F4xx_HAL_Driver/Src/stm32f4xx_hal_dma.c.obj
 .debug_line    0x0000337d      0x714 CMakeFiles/Green_Find.elf.dir/Drivers/STM32F4xx_HAL_Driver/Src/stm32f4xx_hal_gpio.c.obj
 .debug_line    0x00003a91      0xb42 CMakeFiles/Green_Find.elf.dir/Drivers/STM32F4xx_HAL_Driver/Src/stm32f4xx_hal_rcc.c.obj
 .debug_line    0x000045d3     0x4ad5 CMakeFiles/Green_Find.elf.dir/Drivers/STM32F4xx_HAL_Driver/Src/stm32f4xx_hal_tim.c.obj
 .debug_line    0x000090a8     0x1cf9 CMakeFiles/Green_Find.elf.dir/Drivers/STM32F4xx_HAL_Driver/Src/stm32f4xx_hal_tim_ex.c.obj
 .debug_line    0x0000ada1     0x463e CMakeFiles/Green_Find.elf.dir/Drivers/STM32F4xx_HAL_Driver/Src/stm32f4xx_hal_uart.c.obj
 .debug_line    0x0000f3df      0x2d5 CMakeFiles/Green_Find.elf.dir/User/openmv.c.obj
 .debug_line    0x0000f6b4      0x4ff CMakeFiles/Green_Find.elf.dir/User/pid.c.obj
 .debug_line    0x0000fbb3      0x3ef CMakeFiles/Green_Find.elf.dir/User/servo.c.obj

.debug_str      0x00000000     0x4282
 .debug_str     0x00000000      0x7ad CMakeFiles/Green_Find.elf.dir/Core/Src/dma.c.obj
                                0x7fb (size before relaxing)
 .debug_str     0x000007ad       0x3a CMakeFiles/Green_Find.elf.dir/Core/Src/gpio.c.obj
                                0x2e7 (size before relaxing)
 .debug_str     0x000007e7      0x22c CMakeFiles/Green_Find.elf.dir/Core/Src/main.c.obj
                                0x501 (size before relaxing)
 .debug_str     0x00000a13       0x46 CMakeFiles/Green_Find.elf.dir/Core/Src/stm32f4xx_hal_msp.c.obj
                                0x2f3 (size before relaxing)
 .debug_str     0x00000a59      0x822 CMakeFiles/Green_Find.elf.dir/Core/Src/stm32f4xx_it.c.obj
                                0xa60 (size before relaxing)
 .debug_str     0x0000127b       0xa1 CMakeFiles/Green_Find.elf.dir/Core/Src/system_stm32f4xx.c.obj
                                0x347 (size before relaxing)
 .debug_str     0x0000131c      0x2cc CMakeFiles/Green_Find.elf.dir/Core/Src/tim.c.obj
                               0x1036 (size before relaxing)
 .debug_str     0x000015e8       0x97 CMakeFiles/Green_Find.elf.dir/Core/Src/usart.c.obj
                                0xd98 (size before relaxing)
 .debug_str     0x0000167f       0x50 CMakeFiles/Green_Find.elf.dir/Core/Startup/startup_stm32f407zgtx.s.obj
                                 0x7f (size before relaxing)
 .debug_str     0x000016cf      0x37b CMakeFiles/Green_Find.elf.dir/Drivers/STM32F4xx_HAL_Driver/Src/stm32f4xx_hal.c.obj
                                0xb80 (size before relaxing)
 .debug_str     0x00001a4a      0x4a5 CMakeFiles/Green_Find.elf.dir/Drivers/STM32F4xx_HAL_Driver/Src/stm32f4xx_hal_cortex.c.obj
                                0xc52 (size before relaxing)
 .debug_str     0x00001eef      0x2ff CMakeFiles/Green_Find.elf.dir/Drivers/STM32F4xx_HAL_Driver/Src/stm32f4xx_hal_dma.c.obj
                                0x79c (size before relaxing)
 .debug_str     0x000021ee      0x170 CMakeFiles/Green_Find.elf.dir/Drivers/STM32F4xx_HAL_Driver/Src/stm32f4xx_hal_gpio.c.obj
                                0x506 (size before relaxing)
 .debug_str     0x0000235e      0x1be CMakeFiles/Green_Find.elf.dir/Drivers/STM32F4xx_HAL_Driver/Src/stm32f4xx_hal_rcc.c.obj
                                0x72c (size before relaxing)
 .debug_str     0x0000251c      0xdb1 CMakeFiles/Green_Find.elf.dir/Drivers/STM32F4xx_HAL_Driver/Src/stm32f4xx_hal_tim.c.obj
                               0x16df (size before relaxing)
 .debug_str     0x000032cd      0x53e CMakeFiles/Green_Find.elf.dir/Drivers/STM32F4xx_HAL_Driver/Src/stm32f4xx_hal_tim_ex.c.obj
                                0xee0 (size before relaxing)
 .debug_str     0x0000380b      0x609 CMakeFiles/Green_Find.elf.dir/Drivers/STM32F4xx_HAL_Driver/Src/stm32f4xx_hal_uart.c.obj
                                0xd7f (size before relaxing)
 .debug_str     0x00003e14       0x77 CMakeFiles/Green_Find.elf.dir/User/openmv.c.obj
                                0x6df (size before relaxing)
 .debug_str     0x00003e8b      0x291 CMakeFiles/Green_Find.elf.dir/User/pid.c.obj
                                0x42d (size before relaxing)
 .debug_str     0x0000411c      0x166 CMakeFiles/Green_Find.elf.dir/User/servo.c.obj
                                0x9d0 (size before relaxing)

.comment        0x00000000       0x49
 .comment       0x00000000       0x49 CMakeFiles/Green_Find.elf.dir/Core/Src/dma.c.obj
                                 0x4a (size before relaxing)
 .comment       0x00000049       0x4a CMakeFiles/Green_Find.elf.dir/Core/Src/gpio.c.obj
 .comment       0x00000049       0x4a CMakeFiles/Green_Find.elf.dir/Core/Src/main.c.obj
 .comment       0x00000049       0x4a CMakeFiles/Green_Find.elf.dir/Core/Src/stm32f4xx_hal_msp.c.obj
 .comment       0x00000049       0x4a CMakeFiles/Green_Find.elf.dir/Core/Src/stm32f4xx_it.c.obj
 .comment       0x00000049       0x4a CMakeFiles/Green_Find.elf.dir/Core/Src/system_stm32f4xx.c.obj
 .comment       0x00000049       0x4a CMakeFiles/Green_Find.elf.dir/Core/Src/tim.c.obj
 .comment       0x00000049       0x4a CMakeFiles/Green_Find.elf.dir/Core/Src/usart.c.obj
 .comment       0x00000049       0x4a CMakeFiles/Green_Find.elf.dir/Drivers/STM32F4xx_HAL_Driver/Src/stm32f4xx_hal.c.obj
 .comment       0x00000049       0x4a CMakeFiles/Green_Find.elf.dir/Drivers/STM32F4xx_HAL_Driver/Src/stm32f4xx_hal_cortex.c.obj
 .comment       0x00000049       0x4a CMakeFiles/Green_Find.elf.dir/Drivers/STM32F4xx_HAL_Driver/Src/stm32f4xx_hal_dma.c.obj
 .comment       0x00000049       0x4a CMakeFiles/Green_Find.elf.dir/Drivers/STM32F4xx_HAL_Driver/Src/stm32f4xx_hal_gpio.c.obj
 .comment       0x00000049       0x4a CMakeFiles/Green_Find.elf.dir/Drivers/STM32F4xx_HAL_Driver/Src/stm32f4xx_hal_rcc.c.obj
 .comment       0x00000049       0x4a CMakeFiles/Green_Find.elf.dir/Drivers/STM32F4xx_HAL_Driver/Src/stm32f4xx_hal_tim.c.obj
 .comment       0x00000049       0x4a CMakeFiles/Green_Find.elf.dir/Drivers/STM32F4xx_HAL_Driver/Src/stm32f4xx_hal_tim_ex.c.obj
 .comment       0x00000049       0x4a CMakeFiles/Green_Find.elf.dir/Drivers/STM32F4xx_HAL_Driver/Src/stm32f4xx_hal_uart.c.obj
 .comment       0x00000049       0x4a CMakeFiles/Green_Find.elf.dir/User/openmv.c.obj
 .comment       0x00000049       0x4a CMakeFiles/Green_Find.elf.dir/User/pid.c.obj
 .comment       0x00000049       0x4a CMakeFiles/Green_Find.elf.dir/User/servo.c.obj

.debug_frame    0x00000000     0x237c
 .debug_frame   0x00000000       0x30 CMakeFiles/Green_Find.elf.dir/Core/Src/dma.c.obj
 .debug_frame   0x00000030       0x28 CMakeFiles/Green_Find.elf.dir/Core/Src/gpio.c.obj
 .debug_frame   0x00000058       0x58 CMakeFiles/Green_Find.elf.dir/Core/Src/main.c.obj
 .debug_frame   0x000000b0       0x28 CMakeFiles/Green_Find.elf.dir/Core/Src/stm32f4xx_hal_msp.c.obj
 .debug_frame   0x000000d8      0x108 CMakeFiles/Green_Find.elf.dir/Core/Src/stm32f4xx_it.c.obj
 .debug_frame   0x000001e0       0x30 CMakeFiles/Green_Find.elf.dir/Core/Src/system_stm32f4xx.c.obj
 .debug_frame   0x00000210       0xcc CMakeFiles/Green_Find.elf.dir/Core/Src/tim.c.obj
 .debug_frame   0x000002dc       0x64 CMakeFiles/Green_Find.elf.dir/Core/Src/usart.c.obj
 .debug_frame   0x00000340      0x1ec CMakeFiles/Green_Find.elf.dir/Drivers/STM32F4xx_HAL_Driver/Src/stm32f4xx_hal.c.obj
 .debug_frame   0x0000052c      0x148 CMakeFiles/Green_Find.elf.dir/Drivers/STM32F4xx_HAL_Driver/Src/stm32f4xx_hal_cortex.c.obj
 .debug_frame   0x00000674      0x188 CMakeFiles/Green_Find.elf.dir/Drivers/STM32F4xx_HAL_Driver/Src/stm32f4xx_hal_dma.c.obj
 .debug_frame   0x000007fc       0xd8 CMakeFiles/Green_Find.elf.dir/Drivers/STM32F4xx_HAL_Driver/Src/stm32f4xx_hal_gpio.c.obj
 .debug_frame   0x000008d4      0x16c CMakeFiles/Green_Find.elf.dir/Drivers/STM32F4xx_HAL_Driver/Src/stm32f4xx_hal_rcc.c.obj
 .debug_frame   0x00000a40      0xb04 CMakeFiles/Green_Find.elf.dir/Drivers/STM32F4xx_HAL_Driver/Src/stm32f4xx_hal_tim.c.obj
 .debug_frame   0x00001544      0x40c CMakeFiles/Green_Find.elf.dir/Drivers/STM32F4xx_HAL_Driver/Src/stm32f4xx_hal_tim_ex.c.obj
 .debug_frame   0x00001950      0x5cc CMakeFiles/Green_Find.elf.dir/Drivers/STM32F4xx_HAL_Driver/Src/stm32f4xx_hal_uart.c.obj
 .debug_frame   0x00001f1c       0x64 CMakeFiles/Green_Find.elf.dir/User/openmv.c.obj
 .debug_frame   0x00001f80       0xb8 CMakeFiles/Green_Find.elf.dir/User/pid.c.obj
 .debug_frame   0x00002038       0x88 CMakeFiles/Green_Find.elf.dir/User/servo.c.obj
 .debug_frame   0x000020c0       0x4c d:/enviro~1/gcc-ar~1/102021~1.10/bin/../lib/gcc/arm-none-eabi/10.3.1/thumb/v7e-m/nofp\libgcc.a(_arm_addsubsf3.o)
 .debug_frame   0x0000210c       0x24 d:/enviro~1/gcc-ar~1/102021~1.10/bin/../lib/gcc/arm-none-eabi/10.3.1/thumb/v7e-m/nofp\libgcc.a(_arm_fixunssfsi.o)
 .debug_frame   0x00002130       0x2c d:/enviro~1/gcc-ar~1/102021~1.10/bin/../lib/gcc/arm-none-eabi/10.3.1/thumb/v7e-m/nofp\libgcc.a(_aeabi_uldivmod.o)
 .debug_frame   0x0000215c       0x34 d:/enviro~1/gcc-ar~1/102021~1.10/bin/../lib/gcc/arm-none-eabi/10.3.1/thumb/v7e-m/nofp\libgcc.a(_udivmoddi4.o)
 .debug_frame   0x00002190       0x2c d:/enviro~1/gcc-ar~1/102021~1.10/bin/../lib/gcc/arm-none-eabi/10.3.1/../../../../arm-none-eabi/lib/thumb/v7e-m/nofp\libg.a(lib_a-init.o)
 .debug_frame   0x000021bc       0x2c d:/enviro~1/gcc-ar~1/102021~1.10/bin/../lib/gcc/arm-none-eabi/10.3.1/../../../../arm-none-eabi/lib/thumb/v7e-m/nofp\libg.a(lib_a-memset.o)
 .debug_frame   0x000021e8       0x5c d:/enviro~1/gcc-ar~1/102021~1.10/bin/../lib/gcc/arm-none-eabi/10.3.1/../../../../arm-none-eabi/lib/thumb/v7e-m/nofp\libg.a(lib_a-__call_atexit.o)
 .debug_frame   0x00002244       0x20 d:/enviro~1/gcc-ar~1/102021~1.10/bin/../lib/gcc/arm-none-eabi/10.3.1/../../../../arm-none-eabi/lib/thumb/v7e-m/nofp\libg.a(lib_a-atexit.o)
 .debug_frame   0x00002264       0x34 d:/enviro~1/gcc-ar~1/102021~1.10/bin/../lib/gcc/arm-none-eabi/10.3.1/../../../../arm-none-eabi/lib/thumb/v7e-m/nofp\libg.a(lib_a-fini.o)
 .debug_frame   0x00002298       0xb0 d:/enviro~1/gcc-ar~1/102021~1.10/bin/../lib/gcc/arm-none-eabi/10.3.1/../../../../arm-none-eabi/lib/thumb/v7e-m/nofp\libg.a(lib_a-lock.o)
 .debug_frame   0x00002348       0x34 d:/enviro~1/gcc-ar~1/102021~1.10/bin/../lib/gcc/arm-none-eabi/10.3.1/../../../../arm-none-eabi/lib/thumb/v7e-m/nofp\libg.a(lib_a-__atexit.o)

.debug_loc      0x00000000     0xda83
 .debug_loc     0x00000000      0x158 CMakeFiles/Green_Find.elf.dir/Core/Src/system_stm32f4xx.c.obj
 .debug_loc     0x00000158       0xa9 CMakeFiles/Green_Find.elf.dir/Core/Src/tim.c.obj
 .debug_loc     0x00000201       0x71 CMakeFiles/Green_Find.elf.dir/Core/Src/usart.c.obj
 .debug_loc     0x00000272      0x141 CMakeFiles/Green_Find.elf.dir/Drivers/STM32F4xx_HAL_Driver/Src/stm32f4xx_hal.c.obj
 .debug_loc     0x000003b3      0x744 CMakeFiles/Green_Find.elf.dir/Drivers/STM32F4xx_HAL_Driver/Src/stm32f4xx_hal_cortex.c.obj
 .debug_loc     0x00000af7      0xbf9 CMakeFiles/Green_Find.elf.dir/Drivers/STM32F4xx_HAL_Driver/Src/stm32f4xx_hal_dma.c.obj
 .debug_loc     0x000016f0      0x520 CMakeFiles/Green_Find.elf.dir/Drivers/STM32F4xx_HAL_Driver/Src/stm32f4xx_hal_gpio.c.obj
 .debug_loc     0x00001c10      0x58c CMakeFiles/Green_Find.elf.dir/Drivers/STM32F4xx_HAL_Driver/Src/stm32f4xx_hal_rcc.c.obj
 .debug_loc     0x0000219c     0x506c CMakeFiles/Green_Find.elf.dir/Drivers/STM32F4xx_HAL_Driver/Src/stm32f4xx_hal_tim.c.obj
 .debug_loc     0x00007208     0x1cd7 CMakeFiles/Green_Find.elf.dir/Drivers/STM32F4xx_HAL_Driver/Src/stm32f4xx_hal_tim_ex.c.obj
 .debug_loc     0x00008edf     0x49ab CMakeFiles/Green_Find.elf.dir/Drivers/STM32F4xx_HAL_Driver/Src/stm32f4xx_hal_uart.c.obj
 .debug_loc     0x0000d88a       0x77 CMakeFiles/Green_Find.elf.dir/User/openmv.c.obj
 .debug_loc     0x0000d901       0xd1 CMakeFiles/Green_Find.elf.dir/User/pid.c.obj
 .debug_loc     0x0000d9d2       0xb1 CMakeFiles/Green_Find.elf.dir/User/servo.c.obj
